[0m23:12:00.826534 [debug] [MainThread]: Sending event: {'category': 'dbt', 'action': 'invocation', 'label': 'start', 'context': [<snowplow_tracker.self_describing_json.SelfDescribingJson object at 0x000001BFE47BD940>, <snowplow_tracker.self_describing_json.SelfDescribingJson object at 0x000001BFE2565590>, <snowplow_tracker.self_describing_json.SelfDescribingJson object at 0x000001BFE6847C50>]}


============================== 23:12:00.890194 | 3f3d300c-d2ed-43f7-bd2b-80f31eb008f2 ==============================
[0m23:12:00.890194 [info ] [MainThread]: Running with dbt=1.11.12
[0m23:12:00.890967 [debug] [MainThread]: running dbt with arguments {'version_check': 'True', 'no_print': 'None', 'static_parser': 'True', 'target_path': 'None', 'warn_error_options': 'WarnErrorOptionsV2(error=[], warn=[], silence=[])', 'printer_width': '80', 'write_json': 'True', 'introspect': 'True', 'log_cache_events': 'False', 'empty': 'None', 'cache_selected_only': 'False', 'log_format': 'default', 'debug': 'False', 'fail_fast': 'False', 'profiles_dir': 'C:\\Users\\gabri\\.dbt', 'send_anonymous_usage_stats': 'True', 'quiet': 'False', 'warn_error': 'None', 'partial_parse': 'True', 'use_colors': 'True', 'indirect_selection': 'eager', 'invocation_command': 'dbt init dbt_radar', 'use_experimental_parser': 'False', 'log_path': 'logs'}
[0m23:12:00.989836 [info ] [MainThread]: Creating dbt configuration folder at C:\Users\gabri\.dbt
[0m23:12:00.995324 [debug] [MainThread]: Starter project path: C:\Users\gabri\OneDrive\Documentos\DOCS\ESTUDOS\PORTFÓLIOS\RADAR\Radar-Empresas\.venv\Lib\site-packages\dbt\include\starter_project
[0m23:12:01.023082 [info ] [MainThread]: 
Your new dbt project "dbt_radar" was created!

For more information on how to configure the profiles.yml file,
please consult the dbt documentation here:

  https://docs.getdbt.com/docs/configure-your-profile

One more thing:

Need help? Don't hesitate to reach out to us via GitHub issues or on Slack:

  https://community.getdbt.com/

Happy modeling!

[0m23:12:01.023655 [info ] [MainThread]: Setting up your profile.
[0m23:12:22.717370 [info ] [MainThread]: Profile dbt_radar written to C:\Users\gabri\.dbt\profiles.yml using target's sample configuration. Once updated, you'll be able to start developing with dbt.
[0m23:12:22.718938 [debug] [MainThread]: Command `dbt init` succeeded at 23:12:22.718796 after 22.01 seconds
[0m23:12:22.719266 [debug] [MainThread]: Sending event: {'category': 'dbt', 'action': 'invocation', 'label': 'end', 'context': [<snowplow_tracker.self_describing_json.SelfDescribingJson object at 0x000001BFE68C1BA0>, <snowplow_tracker.self_describing_json.SelfDescribingJson object at 0x000001BFE6168170>, <snowplow_tracker.self_describing_json.SelfDescribingJson object at 0x000001BFE694CD10>]}
[0m23:12:22.719662 [debug] [MainThread]: Flushing usage events
[0m23:12:24.757639 [debug] [MainThread]: An error was encountered while trying to flush usage events
[0m14:49:39.546655 [debug] [MainThread]: Sending event: {'category': 'dbt', 'action': 'invocation', 'label': 'start', 'context': [<snowplow_tracker.self_describing_json.SelfDescribingJson object at 0x000001C6A32C5E80>, <snowplow_tracker.self_describing_json.SelfDescribingJson object at 0x000001C6A53ABD90>, <snowplow_tracker.self_describing_json.SelfDescribingJson object at 0x000001C6A53ABB10>]}


============================== 14:49:39.568141 | dc609676-7772-4d64-8ba9-13d7f3c07d04 ==============================
[0m14:49:39.568141 [info ] [MainThread]: Running with dbt=1.11.12
[0m14:49:39.573957 [debug] [MainThread]: running dbt with arguments {'static_parser': 'True', 'no_print': 'None', 'version_check': 'True', 'warn_error_options': 'WarnErrorOptionsV2(error=[], warn=[], silence=[])', 'target_path': 'None', 'printer_width': '80', 'write_json': 'True', 'empty': 'False', 'log_cache_events': 'False', 'introspect': 'True', 'cache_selected_only': 'False', 'fail_fast': 'False', 'debug': 'False', 'log_format': 'default', 'profiles_dir': '.', 'send_anonymous_usage_stats': 'True', 'quiet': 'False', 'warn_error': 'None', 'partial_parse': 'True', 'indirect_selection': 'eager', 'invocation_command': 'dbt run --profiles-dir .', 'use_colors': 'True', 'use_experimental_parser': 'False', 'log_path': 'logs'}
[0m14:49:39.574648 [error] [MainThread]: Encountered an error:
Runtime Error
  No dbt_project.yml found at expected path C:\Users\gabri\OneDrive\Documentos\DOCS\ESTUDOS\PORTFÓLIOS\RADAR\Radar-Empresas\dbt_project.yml
  Verify that each entry within packages.yml (and their transitive dependencies) contains a file named dbt_project.yml
  
[0m14:49:39.575796 [debug] [MainThread]: Command `dbt run` failed at 14:49:39.575692 after 0.16 seconds
[0m14:49:39.576103 [debug] [MainThread]: Sending event: {'category': 'dbt', 'action': 'invocation', 'label': 'end', 'context': [<snowplow_tracker.self_describing_json.SelfDescribingJson object at 0x000001C6A5343360>, <snowplow_tracker.self_describing_json.SelfDescribingJson object at 0x000001C6A536E690>, <snowplow_tracker.self_describing_json.SelfDescribingJson object at 0x000001C6A53468B0>]}
[0m14:49:39.576429 [debug] [MainThread]: Flushing usage events
[0m14:49:40.513127 [debug] [MainThread]: An error was encountered while trying to flush usage events
